
   __                  __
  / /  ___ ___ ____   / /_
 / /__/ -_) _ `/ _ \_/ __/
/____/\__/\_,_/_//_/ \__/
Leant (Haskell) - a GHCi-style REPL for Lean 4.  Type :help for help, :quit to exit.
λ> inductive Demo.RecBox (a : Type 1) : Type 1 where
…> | step : a → Demo.RecBox a → Demo.RecBox a
…>
λ> :set synth-steps 512
synth steps: 512
λ> :set synth-engine exference
synth engine: exference
λ> :synth ((∀ a : Type 1, Demo.RecBox a) → Demo.RecBox (∀ b : Type, b → b))
preparing synthesis environment (session imports + Lean)...
  it1  fun x => x _
note: search truncated: step limit reached, queue limit pruned 2183
λ> :set synth-engine djinn
synth engine: djinn
λ> :synth ((∀ a : Type 1, Demo.RecBox a) → Demo.RecBox (∀ b : Type, b → b))
  it1  fun x => x _
  it2  fun x => ⟨fun _ y => y, x _⟩
λ>
λ> opaque Demo.Seed : Type
λ> inductive Demo.Inner (a : Type 1) : Type 1 where
…> | done : a → Demo.Inner a
…> | again : Demo.Inner a → Demo.Inner a
…>
λ> inductive Demo.Outer (a : Type 1) : Type 1 where
…> | wrap : Demo.Inner a → Demo.Outer a
…> | again : Demo.Outer a → Demo.Outer a
…>
λ> :synth ((∀ a : Type 1, Demo.Outer a → Demo.Seed) → (∀ x : Type, x) → Demo.Outer (∀ y : Type, y))
  it1  fun _ x => .wrap (.done x)
λ> :quit
