
   __                  __
  / /  ___ ___ ____   / /_
 / /__/ -_) _ `/ _ \_/ __/
/____/\__/\_,_/_//_/ \__/
Leant (Haskell) - a GHCi-style REPL for Lean 4.  Type :help for help, :quit to exit.
λ> axiom Demo.Seed : Type
λ> axiom Demo.seedValue : Demo.Seed
λ> universe u
λ> inductive Demo.SealedBox (a : Type u) : Type u where
…> | mk (value : a) (proof : value = value) : Demo.SealedBox a
…>
λ> def Demo.sealedBox {a : Type u} (value : a) : Demo.SealedBox a :=
…>   .mk value rfl
…>
λ> def Demo.seedIdentity (value : Demo.Seed) : Demo.Seed := value
λ>
λ> axiom Demo.Input : Type → Type
λ> axiom Demo.Middle : Type → Type
λ> axiom Demo.Output : Type → Type
λ> axiom Demo.Index : Type
λ> axiom Demo.consume {a : Type} : Demo.Middle a → Demo.Output a
λ> axiom Demo.produce {a : Type} : Demo.Input a → Demo.Middle a
λ>
λ> axiom Demo.Token : Type
λ> class Demo.C (a : Type) : Prop where witness : True
λ> instance : Demo.C Nat := ⟨True.intro⟩
λ> axiom Demo.global {a : Type} [Demo.C a] : Demo.Token
λ>
λ> :set synth-engine djinn
synth engine: djinn
λ> :synth Demo.Seed
preparing synthesis environment (session imports + Lean)...
  it1  Demo.seedValue
λ> :synth (Demo.Seed → Demo.Seed)
  it1  fun x => x
λ> :synth (Nat → Demo.SealedBox Nat)
  it1  Demo.sealedBox
λ> :synth (Demo.Seed → Demo.SealedBox Demo.Seed)
  it1  Demo.sealedBox
λ> :synth ((∀ x : Type, x → x) → Demo.SealedBox (∀ x : Type, x → x))
  it1  Demo.sealedBox
λ> :synth (Demo.Input Demo.Index → Demo.Output Demo.Index)
  it1  fun x => Demo.consume (Demo.produce x)
note: search truncated: candidate limit reached (60)
λ> :set synth-engine both
synth engine: both
λ> :synth (Demo.Input Demo.Index → Demo.Output Demo.Index)
  it1  fun x => Demo.consume (Demo.produce x)
note: search truncated: candidate limit reached (60)
λ> :synth (Demo.Seed → Demo.SealedBox Demo.Seed)
  it1  Demo.sealedBox
note: exference: search truncated: step limit reached, queue limit pruned 25900
λ>
λ> :set synth-steps 1024
synth steps: 1024
λ> :set synth-engine exference
synth engine: exference
λ> :synth (Nat → Demo.Token)
  it1  fun x => match x with | .zero => Demo.global («a» := Nat) | .succ _ => Demo.global («a» := Nat)
note: search truncated: step limit reached, queue limit pruned 44813
λ> :set synth-engine djinn
synth engine: djinn
λ> :synth (Nat → Demo.Token)
  it1  fun _ => Demo.global («a» := Nat)
λ> :set synth-engine both
synth engine: both
λ> :synth (Nat → Demo.Token)
  it1  fun _ => Demo.global («a» := Nat)
  it2  fun x => match x with | .zero => Demo.global («a» := Nat) | .succ _ => Demo.global («a» := Nat)
note: exference: search truncated: step limit reached, queue limit pruned 8061
λ> :quit
