
   __                  __
  / /  ___ ___ ____   / /_
 / /__/ -_) _ `/ _ \_/ __/
/____/\__/\_,_/_//_/ \__/
Leant (Haskell) - a GHCi-style REPL for Lean 4.  Type :help for help, :quit to exit.
λ> namespace ClosureGood
λ> axiom Token : Type
λ> private class LeftChoice (a : Type 1) : Prop where witness : True
λ> private class RightChoice (b : Type 1) : Prop where witness : True
λ> private instance : LeftChoice (∀ x : Type, x → x) := ⟨True.intro⟩
λ> private instance : RightChoice (∀ x : Type, x → x → x) := ⟨True.intro⟩
λ> axiom global {a b : Type 1} [LeftChoice a] [RightChoice b] : Token
λ> end ClosureGood
λ>
λ> :set synth-steps 1024
synth steps: 1024
λ> :set synth-engine djinn
synth engine: djinn
λ> :synth ClosureGood.Token
preparing synthesis environment (session imports + Lean)...
  it1  ClosureGood.global («a» := (∀ (a0_0 : _), a0_0 → a0_0)) («b» := (∀ (a0_0 : _), a0_0 → a0_0 → a0_0))
λ> :set synth-engine exference
synth engine: exference
λ> :synth ClosureGood.Token
  it1  ClosureGood.global («a» := (∀ (a0_0 : _), a0_0 → a0_0)) («b» := (∀ (a0_0 : _), a0_0 → a0_0 → a0_0))
note: search truncated: step limit reached, queue limit pruned 5977
λ> :reset
session reset
λ>
λ> namespace ClosureSubgoal
λ> axiom Token : Type
λ> private class Need (a : Type 1) : Prop where witness : True
λ> private class Seed (a : Type 1) : Prop where witness : True
λ> private instance : Need (∀ x : Type, x → x) := ⟨True.intro⟩
λ> private instance [Need a] : Seed a := ⟨True.intro⟩
λ> axiom global {a : Type 1} [Seed a] : Token
λ> end ClosureSubgoal
λ>
λ> :set synth-steps 1024
synth steps: 1024
λ> :set synth-engine djinn
synth engine: djinn
λ> :synth ClosureSubgoal.Token
preparing synthesis environment (session imports + Lean)...
  it1  ClosureSubgoal.global («a» := (∀ (a0_0 : _), a0_0 → a0_0))
λ> :set synth-engine exference
synth engine: exference
λ> :synth ClosureSubgoal.Token
  it1  ClosureSubgoal.global («a» := (∀ (a0_0 : _), a0_0 → a0_0))
note: search truncated: step limit reached, queue limit pruned 5977
λ> :reset
session reset
λ>
λ> namespace ClosureControl
λ> axiom Token : Type
λ> private abbrev P1 := ∀ x : Type, x → x
λ> private abbrev P2 := ∀ x : Type, x → x → x
λ> private abbrev P3 := ∀ x : Type, x → x → x → x
λ> private abbrev P4 := ∀ x : Type, x → x → x → x → x
λ> private abbrev GoodA := ∀ x : Type, (x → x) → x → x
λ> private abbrev GoodB := ∀ x : Type, (x → x → x) → x → x
λ> private class PairChoice (a b : Type 1) : Prop where witness : True
λ> private class RequiredChoice (a b : Type 1) : Prop where witness : True
λ> private instance (priority := 1) : PairChoice GoodA GoodB := ⟨True.intro⟩
λ> private instance : PairChoice P1 P1 := ⟨True.intro⟩
λ> private instance : PairChoice P1 P2 := ⟨True.intro⟩
λ> private instance : PairChoice P1 P3 := ⟨True.intro⟩
λ> private instance : PairChoice P1 P4 := ⟨True.intro⟩
λ> private instance : PairChoice P2 P1 := ⟨True.intro⟩
λ> private instance : PairChoice P2 P2 := ⟨True.intro⟩
λ> private instance : PairChoice P2 P3 := ⟨True.intro⟩
λ> private instance : PairChoice P2 P4 := ⟨True.intro⟩
λ> private instance : PairChoice P3 P1 := ⟨True.intro⟩
λ> private instance : PairChoice P3 P2 := ⟨True.intro⟩
λ> private instance : PairChoice P3 P3 := ⟨True.intro⟩
λ> private instance : PairChoice P3 P4 := ⟨True.intro⟩
λ> private instance : PairChoice P4 P1 := ⟨True.intro⟩
λ> private instance : PairChoice P4 P2 := ⟨True.intro⟩
λ> private instance : PairChoice P4 P3 := ⟨True.intro⟩
λ> private instance : PairChoice P4 P4 := ⟨True.intro⟩
λ> private instance : RequiredChoice GoodA GoodB := ⟨True.intro⟩
λ> axiom global {a b : Type 1} [PairChoice a b] [RequiredChoice a b] : Token
λ> end ClosureControl
λ>
λ> :set synth-steps 1024
synth steps: 1024
λ> :set synth-engine djinn
synth engine: djinn
λ> :synth ClosureControl.Token
preparing synthesis environment (session imports + Lean)...
  it1  ClosureControl.global («a» := (∀ (a0_0 : _), (a0_0 → a0_0) → a0_0 → a0_0)) («b» := (∀ (a0_0 : _), (a0_0 → a0_0 → a0_0) → a0_0 → a0_0))
λ> :set synth-engine exference
synth engine: exference
λ> :synth ClosureControl.Token
  it1  ClosureControl.global («a» := (∀ (a0_0 : _), (a0_0 → a0_0) → a0_0 → a0_0)) («b» := (∀ (a0_0 : _), (a0_0 → a0_0 → a0_0) → a0_0 → a0_0))
note: search truncated: step limit reached, queue limit pruned 5977
λ> :quit
