
   __                  __
  / /  ___ ___ ____   / /_
 / /__/ -_) _ `/ _ \_/ __/
/____/\__/\_,_/_//_/ \__/
Leant (Haskell) - a GHCi-style REPL for Lean 4.  Type :help for help, :quit to exit.
λ> :set synth-classical off
synth classical: off
λ> inductive RefutationDjinn.Void : Type
λ> class RefutationDjinn.Choice (a : Type 1) : Prop where witness : True
λ> instance : RefutationDjinn.Choice (∀ x : Type, x → x) := ⟨True.intro⟩
λ> axiom RefutationDjinn.impossible {a : Type 1} [RefutationDjinn.Choice a] :
…>   RefutationDjinn.Void
…>
λ> :set synth-engine djinn
synth engine: djinn
λ> :synth RefutationDjinn.Void
preparing synthesis environment (session imports + Lean)...
  it1  RefutationDjinn.impossible («a» := (∀ (a0_0 : Type _), a0_0 → a0_0))
λ> :reset
session reset
λ>
λ> :set synth-classical off
synth classical: off
λ> inductive RefutationExference.Void : Type
λ> class RefutationExference.Choice (a : Type 1) : Prop where witness : True
λ> instance : RefutationExference.Choice (∀ x : Type, x → x) := ⟨True.intro⟩
λ> axiom RefutationExference.impossible {a : Type 1}
…>     [RefutationExference.Choice a] : RefutationExference.Void
…>
λ> :set synth-engine exference
synth engine: exference
λ> :synth RefutationExference.Void
preparing synthesis environment (session imports + Lean)...
  it1  RefutationExference.impossible («a» := (∀ (a0_0 : Type _), a0_0 → a0_0))
  it2  match Sum.inr (RefutationExference.impossible («a» := (∀ (a0_0 : Type _), a0_0 → a0_0))) with | .inl a => a | .inr b => b
note: search truncated: step limit reached, queue limit pruned 49783
λ> :reset
session reset
λ>
λ> :set synth-classical off
synth classical: off
λ> inductive RefutationBoth.Void : Type
λ> class RefutationBoth.Choice (a : Type 1) : Prop where witness : True
λ> instance : RefutationBoth.Choice (∀ x : Type, x → x) := ⟨True.intro⟩
λ> axiom RefutationBoth.impossible {a : Type 1} [RefutationBoth.Choice a] :
…>   RefutationBoth.Void
…>
λ> :set synth-engine both
synth engine: both
λ> :synth RefutationBoth.Void
preparing synthesis environment (session imports + Lean)...
  it1  RefutationBoth.impossible («a» := (∀ (a0_0 : Type _), a0_0 → a0_0))
  it2  match Sum.inl (RefutationBoth.impossible («a» := (∀ (a0_0 : Type _), a0_0 → a0_0))) with | .inl a => a | .inr b => b
  it3  match Sum.inr (RefutationBoth.impossible («a» := (∀ (a0_0 : Type _), a0_0 → a0_0))) with | .inl a => a | .inr b => b
note: exference: search truncated: step limit reached, queue limit pruned 29844
λ> :reset
session reset
λ>
λ> :set synth-classical on
synth classical: on
λ> axiom RefutationClassical.P : Prop
λ> axiom RefutationClassical.Q : Prop
λ> axiom RefutationClassical.peirce :
…>   ((RefutationClassical.P → RefutationClassical.Q) →
…>     RefutationClassical.P) → RefutationClassical.P
…>
λ> :set synth-engine djinn
synth engine: djinn
λ> :synth (((RefutationClassical.P → RefutationClassical.Q) → RefutationClassical.P) → RefutationClassical.P)
preparing synthesis environment (session imports + Lean)...
  it1  RefutationClassical.peirce
  it2  fun f => RefutationClassical.peirce (fun g => RefutationClassical.peirce (fun _ => f g))
λ> :reset
session reset
λ>
λ> :set synth-classical off
synth classical: off
λ> inductive RefutationControl.Void : Type
λ> :set synth-engine djinn
synth engine: djinn
λ> :synth RefutationControl.Void
preparing synthesis environment (session imports + Lean)...
provably uninhabited — no closed term of this polymorphic type exists
λ> :quit
